2024-12-26 19:01:01,160 - INFO - [MainThread] Initializing with base_dir: /Users/ryanranft/0/sportsdataverse/sportsdataverse-py/raw_data
2024-12-26 19:01:01,160 - INFO - [MainThread] Created/verified base directory: /Users/ryanranft/0/sportsdataverse/sportsdataverse-py/raw_data
2024-12-26 19:02:09,140 - INFO - [MainThread] Initializing with base_dir: /Users/ryanranft/0/sportsdataverse/sportsdataverse-py/raw_data
2024-12-26 19:02:09,140 - INFO - [MainThread] Created/verified base directory: /Users/ryanranft/0/sportsdataverse/sportsdataverse-py/raw_data
2024-12-26 19:03:22,514 - INFO - [MainThread] Initializing with base_dir: /Users/ryanranft/0/sportsdataverse/sportsdataverse-py/raw_data
2024-12-26 19:03:22,515 - INFO - [MainThread] Created/verified base directory: /Users/ryanranft/0/sportsdataverse/sportsdataverse-py/raw_data
2024-12-26 19:03:22,515 - ERROR - [MainThread] Error initializing database pool: name 'pool' is not defined
2024-12-26 19:05:13,219 - INFO - [MainThread] Initializing with base_dir: /Users/ryanranft/0/sportsdataverse/sportsdataverse-py/raw_data
2024-12-26 19:05:13,219 - INFO - [MainThread] Created/verified base directory: /Users/ryanranft/0/sportsdataverse/sportsdataverse-py/raw_data
2024-12-26 19:05:13,282 - INFO - [MainThread] Database connection pool initialized
2024-12-26 19:12:25,714 - INFO - [MainThread] Initializing with base_dir: /Users/ryanranft/0/sportsdataverse/sportsdataverse-py/raw_data
2024-12-26 19:12:25,714 - INFO - [MainThread] Created/verified base directory: /Users/ryanranft/0/sportsdataverse/sportsdataverse-py/raw_data
2024-12-26 19:12:25,749 - INFO - [MainThread] Database connection pool initialized
2024-12-26 19:12:26,817 - INFO - [MainThread] S3 setup successful
2024-12-26 19:12:26,817 - INFO - [MainThread] Firehose setup successful
2024-12-26 19:12:26,818 - INFO - [MainThread] Athena setup successful
2024-12-26 19:12:26,818 - INFO - [MainThread] CloudWatch setup successful
2024-12-26 19:14:40,378 - INFO - [MainThread] Initializing with base_dir: /Users/ryanranft/0/sportsdataverse/sportsdataverse-py/raw_data
2024-12-26 19:14:40,378 - INFO - [MainThread] Created/verified base directory: /Users/ryanranft/0/sportsdataverse/sportsdataverse-py/raw_data
2024-12-26 19:14:40,420 - INFO - [MainThread] Database connection pool initialized
2024-12-26 19:14:41,335 - INFO - [MainThread] S3 setup successful
2024-12-26 19:14:41,335 - INFO - [MainThread] Firehose setup successful
2024-12-26 19:14:41,335 - INFO - [MainThread] Athena setup successful
2024-12-26 19:14:41,335 - INFO - [MainThread] CloudWatch setup successful
2024-12-30 21:08:41,598 - INFO - [MainThread] Initializing with base_dir: /Users/ryanranft/0/sportsdataverse/sportsdataverse-py/raw_data
2024-12-30 21:08:41,598 - INFO - [MainThread] Created/verified base directory: /Users/ryanranft/0/sportsdataverse/sportsdataverse-py/raw_data
2024-12-30 21:08:41,635 - INFO - [MainThread] Database connection pool initialized
2024-12-30 21:08:42,654 - INFO - [MainThread] S3 setup successful
2024-12-30 21:08:42,655 - INFO - [MainThread] Firehose setup successful
2024-12-30 21:08:42,655 - INFO - [MainThread] Athena setup successful
2024-12-30 21:08:42,655 - INFO - [MainThread] CloudWatch setup successful
2024-12-30 21:16:38,285 - INFO - [MainThread] Initializing with base_dir: /Users/ryanranft/0/sportsdataverse/sportsdataverse-py/raw_data
2024-12-30 21:16:38,285 - INFO - [MainThread] Created/verified base directory: /Users/ryanranft/0/sportsdataverse/sportsdataverse-py/raw_data
2024-12-30 21:16:38,318 - INFO - [MainThread] Database connection pool initialized
2024-12-30 21:16:39,166 - INFO - [MainThread] S3 setup successful
2024-12-30 21:16:39,167 - INFO - [MainThread] Firehose setup successful
2024-12-30 21:16:39,167 - INFO - [MainThread] Athena setup successful
2024-12-30 21:16:39,167 - INFO - [MainThread] CloudWatch setup successful
